Flow report for lab04_sc
Mon Oct  5 11:10:54 2026
Quartus II 64-Bit Version 15.0.2 Build 153 07/15/2015 SJ Web Edition


---------------------
; Table of Contents ;
---------------------
  1. Legal Notice
  2. Flow Summary
  3. Flow Settings
  4. Flow Non-Default Global Settings
  5. Flow Elapsed Time
  6. Flow OS Summary
  7. Flow Log
  8. Flow Messages
  9. Flow Suppressed Messages



----------------
; Legal Notice ;
----------------
Copyright (C) 1991-2015 Altera Corporation. All rights reserved.
Your use of Altera Corporation's design tools, logic functions 
and other software and tools, and its AMPP partner logic 
functions, and any output files from any of the foregoing 
(including device programming or simulation files), and any 
associated documentation or information are expressly subject 
to the terms and conditions of the Altera Program License 
Subscription Agreement, the Altera Quartus II License Agreement,
the Altera MegaCore Function License Agreement, or other 
applicable license agreement, including, without limitation, 
that your use is for the sole purpose of programming logic 
devices manufactured by Altera and sold by Altera or its 
authorized distributors.  Please refer to the applicable 
agreement for further details.



+---------------------------------------------------------------------------------+
; Flow Summary                                                                    ;
+------------------------------------+--------------------------------------------+
; Flow Status                        ; Successful - Mon Oct  5 11:10:54 2026      ;
; Quartus II 64-Bit Version          ; 15.0.2 Build 153 07/15/2015 SJ Web Edition ;
; Revision Name                      ; lab04_sc                                   ;
; Top-level Entity Name              ; game                                       ;
; Family                             ; Cyclone IV E                               ;
; Device                             ; EP4CE115F29C7                              ;
; Timing Models                      ; Final                                      ;
; Total logic elements               ; 21 / 114,480 ( < 1 % )                     ;
;     Total combinational functions  ; 21 / 114,480 ( < 1 % )                     ;
;     Dedicated logic registers      ; 8 / 114,480 ( < 1 % )                      ;
; Total registers                    ; 8                                          ;
; Total pins                         ; 17 / 529 ( 3 % )                           ;
; Total virtual pins                 ; 0                                          ;
; Total memory bits                  ; 0 / 3,981,312 ( 0 % )                      ;
; Embedded Multiplier 9-bit elements ; 0 / 532 ( 0 % )                            ;
; Total PLLs                         ; 0 / 4 ( 0 % )                              ;
+------------------------------------+--------------------------------------------+


+-----------------------------------------+
; Flow Settings                           ;
+-------------------+---------------------+
; Option            ; Setting             ;
+-------------------+---------------------+
; Start date & time ; 10/05/2026 10:29:28 ;
; Main task         ; Compilation         ;
; Revision Name     ; lab04_sc            ;
+-------------------+---------------------+


+----------------------------------------------------------------------------------------------------------------------------+
; Flow Non-Default Global Settings                                                                                           ;
+-------------------------------------+---------------------------------------+---------------+-------------+----------------+
; Assignment Name                     ; Value                                 ; Default Value ; Entity Name ; Section Id     ;
+-------------------------------------+---------------------------------------+---------------+-------------+----------------+
; COMPILER_SIGNATURE_ID               ; 0.179121056831104                     ; --            ; --          ; --             ;
; EDA_OUTPUT_DATA_FORMAT              ; Systemverilog Hdl                     ; --            ; --          ; eda_simulation ;
; EDA_SIMULATION_TOOL                 ; ModelSim-Altera (SystemVerilog)       ; <None>        ; --          ; --             ;
; MAX_CORE_JUNCTION_TEMP              ; 85                                    ; --            ; --          ; --             ;
; MIN_CORE_JUNCTION_TEMP              ; 0                                     ; --            ; --          ; --             ;
; PARTITION_COLOR                     ; 16764057                              ; --            ; game        ; Top            ;
; PARTITION_FITTER_PRESERVATION_LEVEL ; PLACEMENT_AND_ROUTING                 ; --            ; game        ; Top            ;
; PARTITION_NETLIST_TYPE              ; SOURCE                                ; --            ; game        ; Top            ;
; POWER_BOARD_THERMAL_MODEL           ; None (CONSERVATIVE)                   ; --            ; --          ; --             ;
; POWER_PRESET_COOLING_SOLUTION       ; 23 MM HEAT SINK WITH 200 LFPM AIRFLOW ; --            ; --          ; --             ;
; PROJECT_OUTPUT_DIRECTORY            ; output_files                          ; --            ; --          ; --             ;
; TOP_LEVEL_ENTITY                    ; game                                  ; lab04_sc      ; --          ; --             ;
+-------------------------------------+---------------------------------------+---------------+-------------+----------------+


+-------------------------------------------------------------------------------------------------------------------------------+
; Flow Elapsed Time                                                                                                             ;
+---------------------------+--------------+-------------------------+---------------------+------------------------------------+
; Module Name               ; Elapsed Time ; Average Processors Used ; Peak Virtual Memory ; Total CPU Time (on all processors) ;
+---------------------------+--------------+-------------------------+---------------------+------------------------------------+
; Analysis & Synthesis      ; 00:00:08     ; 1.0                     ; 920 MB              ; 00:00:21                           ;
; Fitter                    ; 00:00:13     ; 1.0                     ; 1271 MB             ; 00:00:13                           ;
; Assembler                 ; 00:00:03     ; 1.0                     ; 839 MB              ; 00:00:03                           ;
; TimeQuest Timing Analyzer ; 00:00:02     ; 1.0                     ; 934 MB              ; 00:00:02                           ;
; EDA Netlist Writer        ; 00:00:01     ; 1.0                     ; 1085 MB             ; 00:00:01                           ;
; EDA Netlist Writer        ; 00:00:01     ; 1.0                     ; 1076 MB             ; 00:00:00                           ;
; EDA Netlist Writer        ; 00:00:01     ; 1.0                     ; 1080 MB             ; 00:00:00                           ;
; EDA Netlist Writer        ; 00:00:01     ; 1.0                     ; 1074 MB             ; 00:00:00                           ;
; EDA Netlist Writer        ; 00:00:01     ; 1.0                     ; 1080 MB             ; 00:00:00                           ;
; EDA Netlist Writer        ; 00:00:01     ; 1.0                     ; 1074 MB             ; 00:00:00                           ;
; EDA Netlist Writer        ; 00:00:00     ; 1.0                     ; 1081 MB             ; 00:00:00                           ;
; EDA Netlist Writer        ; 00:00:01     ; 1.0                     ; 1076 MB             ; 00:00:00                           ;
; EDA Netlist Writer        ; 00:00:01     ; 1.0                     ; 1080 MB             ; 00:00:00                           ;
; Total                     ; 00:00:34     ; --                      ; --                  ; 00:00:40                           ;
+---------------------------+--------------+-------------------------+---------------------+------------------------------------+


+---------------------------------------------------------------------------------------------+
; Flow OS Summary                                                                             ;
+---------------------------+------------------+----------------+------------+----------------+
; Module Name               ; Machine Hostname ; OS Name        ; OS Version ; Processor type ;
+---------------------------+------------------+----------------+------------+----------------+
; Analysis & Synthesis      ; ece07            ; Ubuntu 20.04.2 ; 20         ; x86_64         ;
; Fitter                    ; ece07            ; Ubuntu 20.04.2 ; 20         ; x86_64         ;
; Assembler                 ; ece07            ; Ubuntu 20.04.2 ; 20         ; x86_64         ;
; TimeQuest Timing Analyzer ; ece07            ; Ubuntu 20.04.2 ; 20         ; x86_64         ;
; EDA Netlist Writer        ; ece07            ; Ubuntu 20.04.2 ; 20         ; x86_64         ;
; EDA Netlist Writer        ; ece07            ; Ubuntu 20.04.2 ; 20         ; x86_64         ;
; EDA Netlist Writer        ; ece07            ; Ubuntu 20.04.2 ; 20         ; x86_64         ;
; EDA Netlist Writer        ; ece07            ; Ubuntu 20.04.2 ; 20         ; x86_64         ;
; EDA Netlist Writer        ; ece07            ; Ubuntu 20.04.2 ; 20         ; x86_64         ;
; EDA Netlist Writer        ; ece07            ; Ubuntu 20.04.2 ; 20         ; x86_64         ;
; EDA Netlist Writer        ; ece07            ; Ubuntu 20.04.2 ; 20         ; x86_64         ;
; EDA Netlist Writer        ; ece07            ; Ubuntu 20.04.2 ; 20         ; x86_64         ;
; EDA Netlist Writer        ; ece07            ; Ubuntu 20.04.2 ; 20         ; x86_64         ;
+---------------------------+------------------+----------------+------------+----------------+


------------
; Flow Log ;
------------
quartus_map --read_settings_files=on --write_settings_files=off lab04_sc -c lab04_sc
quartus_fit --read_settings_files=off --write_settings_files=off lab04_sc -c lab04_sc
quartus_asm --read_settings_files=off --write_settings_files=off lab04_sc -c lab04_sc
quartus_sta lab04_sc -c lab04_sc
quartus_eda --read_settings_files=off --write_settings_files=off lab04_sc -c lab04_sc
quartus_eda --gen_testbench --check_outputs=on --tool=modelsim_oem --format=verilog --write_settings_files=off lab04_sc -c lab04_sc --vector_source=/home/user/Desktop/lab_4/Waveform_win.vwf --testbench_file=/home/user/Desktop/lab_4/simulation/qsim/Waveform_win.vwf.vt
quartus_eda --write_settings_files=off --functional=on --flatten_buses=off --simulation=on --tool=modelsim_oem --format=verilog --output_directory=/home/user/Desktop/lab_4/simulation/qsim/ lab04_sc -c lab04_sc
quartus_eda --gen_testbench --check_outputs=on --tool=modelsim_oem --format=verilog --write_settings_files=off lab04_sc -c lab04_sc --vector_source=/home/user/Desktop/lab_4/Waveform_win.vwf --testbench_file=/home/user/Desktop/lab_4/simulation/qsim/Waveform_win.vwf.vt
quartus_eda --write_settings_files=off --functional=on --flatten_buses=off --simulation=on --tool=modelsim_oem --format=verilog --output_directory=/home/user/Desktop/lab_4/simulation/qsim/ lab04_sc -c lab04_sc
quartus_eda --gen_testbench --check_outputs=on --tool=modelsim_oem --format=verilog --write_settings_files=off lab04_sc -c lab04_sc --vector_source=/home/user/Desktop/lab_4/Waveform_lose.vwf --testbench_file=/home/user/Desktop/lab_4/simulation/qsim/Waveform_lose.vwf.vt
quartus_eda --write_settings_files=off --functional=on --flatten_buses=off --simulation=on --tool=modelsim_oem --format=verilog --output_directory=/home/user/Desktop/lab_4/simulation/qsim/ lab04_sc -c lab04_sc
quartus_eda --gen_testbench --check_outputs=on --tool=modelsim_oem --format=verilog --write_settings_files=off lab04_sc -c lab04_sc --vector_source=/home/user/Desktop/lab_4/Waveform_win.vwf --testbench_file=/home/user/Desktop/lab_4/simulation/qsim/Waveform_win.vwf.vt
quartus_eda --write_settings_files=off --functional=on --flatten_buses=off --simulation=on --tool=modelsim_oem --format=verilog --output_directory=/home/user/Desktop/lab_4/simulation/qsim/ lab04_sc -c lab04_sc



